// Jest Snapshot v1, https://goo.gl/fbAQLP

exports[`Order Form should match the snapshot 1`] = `
<form
  className="OrderForm"
>
  <input
    className="imageInput"
    name="img"
    onChange={[Function]}
    placeholder="Item Image URL"
    type="text"
    value=""
  />
  <input
    className="nameInput"
    name="name"
    onChange={[Function]}
    placeholder="Item Name"
    type="text"
    value=""
  />
  <input
    className="descriptionInput"
    name="description"
    onChange={[Function]}
    placeholder="Item Description"
    type="text"
    value=""
  />
  <input
    className="priceInput"
    name="price"
    onChange={[Function]}
    placeholder="Item Price"
    type="number"
    value=""
  />
  <button
    className="submitButton"
    onClick={[Function]}
  >
    Add Purchase
  </button>
</form>
`;
